[backblue.gif]
[fade.gif]
[index.html]
[aleen.kro.kr/static/css/mobile_icon.ico]
[aleen.kro.kr/static/css/icon.png]
[cdn.discordapp.com/attachments/1129808500164403340/1129809069620867174/ee3e805391826575.jpg]
[aleen.kro.kr/5INF6I54NPaeMJt8OZNO.html]
[code.jquery.com/jquery-3.4.1.js]
[code.jquery.com/jquery-3.6.0.slim.js]
[www.junglesystem.com/theme/junglesystem_2017/img/content-container-title-line.png]
[www.junglesystem.com/theme/junglesystem_2017/img/all/footer-sejong-package-bg.png]
[www.junglesystem.com/theme/junglesystem_2017/img/all/footer-sejong-package-content.png]
[www.junglesystem.com/theme/junglesystem_2017/img/all/footer-sejong-package-button1.png]
[www.junglesystem.com/theme/junglesystem_2017/img/all/footer-sejong-package-button2.png]
[www.junglesystem.com/theme/junglesystem_2017/img/js-gnb-snb-bg.png]
[www.junglesystem.com/theme/junglesystem_2017/img/js-footer-nav-line.gif]
[www.junglesystem.com/theme/junglesystem_2017/img/solution/ime-intro-1.png]
[www.junglesystem.com/theme/junglesystem_2017/img/solution/ime-complete-1.png]
[www.junglesystem.com/theme/junglesystem_2017/img/solution/ime-engine.png]
[www.junglesystem.com/theme/junglesystem_2017/img/solution/ime-input-1.png]
[www.junglesystem.com/theme/junglesystem_2017/img/solution/hanime-1.png]
[www.junglesystem.com/theme/junglesystem_2017/img/solution/hanime-2-1.png]
[www.junglesystem.com/theme/junglesystem_2017/img/solution/hanime-3.png]
[www.junglesystem.com/theme/junglesystem_2017/img/solution/driger-1.png]
[www.junglesystem.com/theme/junglesystem_2017/img/solution/multicode-intro.png]
[www.junglesystem.com/theme/junglesystem_2017/img/solution/multicode-feature.png]
[www.junglesystem.com/theme/junglesystem_2017/img/solution/unishape-1-1.png]
[www.junglesystem.com/theme/junglesystem_2017/img/solution/unitype-1.png]
[www.junglesystem.com/theme/junglesystem_2017/img/solution/unitype-2-1.png]
[www.junglesystem.com/theme/junglesystem_2017/img/solution/mrmygle-1.png]
[www.junglesystem.com/theme/junglesystem_2017/img/solution/mrmygle-2.png]
[www.junglesystem.com/theme/junglesystem_2017/img/company/intro-1-1.png]
[www.junglesystem.com/theme/junglesystem_2017/img/company/bizarea-1.png]
[www.junglesystem.com/theme/junglesystem_2017/img/all/title-1-icon.png]
[www.junglesystem.com/theme/junglesystem_2017/img/all/content-textlist-1-icon.png]
[www.junglesystem.com/theme/junglesystem_2017/img/all/help-icon.png]
[www.junglesystem.com/theme/junglesystem_2017/img/all/button-2-buyicon.png]
[www.junglesystem.com/theme/junglesystem_2017/img/main-visual-bg.png]
[www.junglesystem.com/theme/junglesystem_2017/img/main-solution-bg.png]
[www.junglesystem.com/theme/junglesystem_2017/img/main-solution-image.png]
[www.junglesystem.com/theme/junglesystem_2017/css/default0220.css]
[aleen.kro.kr/static/css/font_SJSejongGothic.css]
[aleen.kro.kr/static/css/main.css]
[aleen.kro.kr/static/font/eot/SJ세종고딕B.html]
[aleen.kro.kr/static/font/eot/SJ세종고딕Bd41d.html]
[aleen.kro.kr/static/font/woff2/SJ세종고딕B.html]
[aleen.kro.kr/static/font/woff/SJ세종고딕B.html]
[aleen.kro.kr/static/font/ttf/SJ세종고딕B.html]
[aleen.kro.kr/static/font/eot/SJ세종고딕EB.html]
[aleen.kro.kr/static/font/eot/SJ세종고딕EBd41d.html]
[aleen.kro.kr/static/font/woff2/SJ세종고딕EB.html]
[aleen.kro.kr/static/font/woff/SJ세종고딕EB.html]
[aleen.kro.kr/static/font/ttf/SJ세종고딕EB.html]
[aleen.kro.kr/static/font/eot/SJ세종고딕L.html]
[aleen.kro.kr/static/font/eot/SJ세종고딕Ld41d.html]
[aleen.kro.kr/static/font/woff2/SJ세종고딕L.html]
[aleen.kro.kr/static/font/woff/SJ세종고딕L.html]
[aleen.kro.kr/static/font/ttf/SJ세종고딕L.html]
[aleen.kro.kr/static/font/eot/SJ세종고딕R.html]
[aleen.kro.kr/static/font/eot/SJ세종고딕Rd41d.html]
[aleen.kro.kr/static/font/woff2/SJ세종고딕R.html]
[aleen.kro.kr/static/font/woff/SJ세종고딕R.html]
[aleen.kro.kr/static/font/ttf/SJ세종고딕R.html]
[aleen.kro.kr/mobile_icon.html]
